
=================================================================================
2026-01-24 04:53:42.698Z: Configuration starting...
2026-01-24 04:53:42.729Z: Cloning...
2026-01-24 04:53:43.663Z: Using image: mcr.microsoft.com/devcontainers/universal

=================================================================================
2026-01-24 04:53:43.678Z: Creating container...

=================================================================================
2026-01-24 04:53:44.104Z: Running blocking commands...
2026-01-24 04:53:44.160Z: $ devcontainer up --id-label Type=codespaces --workspace-folder /var/lib/docker/codespacemount/workspace/my-app --mount type=bind,source=/.codespaces/agent/mount/cache,target=/vscode --user-data-folder /var/lib/docker/codespacemount/.persistedshare --container-data-folder .vscode-remote/data/Machine --container-system-data-folder /var/vscode-remote --log-level trace --log-format json --update-remote-user-uid-default never --mount-workspace-git-root false --omit-config-remote-env-from-metadata --skip-non-blocking-commands --expect-existing-container --override-config /root/.codespaces/shared/merged_devcontainer.json --default-user-env-probe loginInteractiveShell --container-session-data-folder /workspaces/.codespaces/.persistedshare/devcontainers-cli/cache --secrets-file /root/.codespaces/shared/user-secrets-envs.json
2026-01-24 04:53:44.465Z: @devcontainers/cli 0.80.3. Node.js v18.20.6. linux 6.8.0-1030-azure x64.
2026-01-24 04:53:44.936Z: Outcome: success User: codespace WorkspaceFolder: /workspaces/my-app
2026-01-24 04:53:44.950Z: devcontainer process exited with exit code 0

=================================================================================
2026-01-24 04:53:45.022Z: Configuring codespace...
2026-01-24 04:53:45.023Z: Running oryx...

=================================================================================
2026-01-24 04:53:52.127Z: Running commands...
2026-01-24 04:53:52.151Z: $ devcontainer up --id-label Type=codespaces --workspace-folder /var/lib/docker/codespacemount/workspace/my-app --expect-existing-container --skip-post-attach --mount type=bind,source=/.codespaces/agent/mount/cache,target=/vscode --container-data-folder .vscode-remote/data/Machine --container-system-data-folder /var/vscode-remote --log-level trace --log-format json --update-remote-user-uid-default never --mount-workspace-git-root false --override-config /root/.codespaces/shared/merged_devcontainer.json --default-user-env-probe loginInteractiveShell --container-session-data-folder /workspaces/.codespaces/.persistedshare/devcontainers-cli/cache --secrets-file /root/.codespaces/shared/user-secrets-envs.json
2026-01-24 04:53:52.420Z: @devcontainers/cli 0.80.3. Node.js v18.20.6. linux 6.8.0-1030-azure x64.
2026-01-24 04:53:52.885Z: Running the postCreateCommand from Feature 'ghcr.io/devcontainers/features/git-lfs:1'...

2026-01-24 04:53:52.886Z: /usr/local/share/pull-git-lfs-artifacts.sh
2026-01-24 04:53:53.960Z: Fetching git lfs artifacts...
2026-01-24 04:53:55.242Z: Updated Git hooks.
Git LFS initialized.
2026-01-24 04:53:55.322Z: Outcome: success User: codespace WorkspaceFolder: /workspaces/my-app
2026-01-24 04:53:55.339Z: devcontainer process exited with exit code 0

=================================================================================
2026-01-24 04:53:55.389Z: Finished configuring codespace.
